error[high_cyclomatic_complexity]: this function has a cyclomatic complexity of 11
   ┌── type_functions.lua:11:1 ───
   │
11 │ local function regular_function()
   │ ^^^^^^^^^^^^^^^^^^^^^^^^^^^^^^^^^
   │
   = note: consider refactoring this function
